--------------------------------------------------------------------------------------
Timing Analyzer Summary
--------------------------------------------------------------------------------------

Type           : Worst-case tsu
Slack          : N/A
Required Time  : None
Actual Time    : 1.000 ns
From           : d[0]
To             : q[0]~reg0
From Clock     : --
To Clock       : clock
Failed Paths   : 0

Type           : Worst-case tco
Slack          : N/A
Required Time  : None
Actual Time    : 6.900 ns
From           : q[0]~reg0
To             : q[0]
From Clock     : clock
To Clock       : --
Failed Paths   : 0

Type           : Worst-case th
Slack          : N/A
Required Time  : None
Actual Time    : 0.300 ns
From           : load
To             : q[2]~reg0
From Clock     : --
To Clock       : clock
Failed Paths   : 0

Type           : Clock Setup: 'clock'
Slack          : N/A
Required Time  : None
Actual Time    : Restricted to 250.00 MHz ( period = 4.000 ns )
From           : q[1]~reg0
To             : q[2]~reg0
From Clock     : clock
To Clock       : clock
Failed Paths   : 0

Type           : Total number of failed paths
Slack          : 
Required Time  : 
Actual Time    : 
From           : 
To             : 
From Clock     : 
To Clock       : 
Failed Paths   : 0

--------------------------------------------------------------------------------------

